True
False
False
True
False
True
True
True
False
True
False
A 'a'
B False
C 'a' 1
D
A (A 'a')
R{x='a',y=10}
R{x=R{x='b',y=11},y=10}
Alt [True]
1
(X,Z)
[X]
[X,Y]
[X,Y,Z]
[]
[Y]
[Y,Z]
[]
[]
[Z]
0
0
0
-1
-1
-1
-2
-2
-2
1
1
1
0
0
0
-1
-1
-1
2
2
2
1
1
1
0
0
0
True
True
True
False
False
False
False
False
False
False
True
True
False
True
True
False
False
False
False
False
True
False
False
True
False
False
True
[MkF False 2,MkF False 3,MkF False 4,MkF False 5,MkF True 2,MkF True 3,MkF True 4,MkF True 5]
5
True
