True
False
False
True
False
True
True
True
False
True
False
A 'a'
B False
C 'a' 1
D
A (A 'a')
A 42
B D
C True 3
D
R {x = 'a', y = 10}
R {x = R {x = 'b', y = 11}, y = 10}
R {x = True, y = 12}
R {x = True, y = 12}
Alt [True]
1
(X,Z)
[X]
[X,Y]
[X,Y,Z]
[]
[Y]
[Y,Z]
[]
[]
[Z]
0
0
0
-1
-1
-1
-2
-2
-2
1
1
1
0
0
0
-1
-1
-1
2
2
2
1
1
1
0
0
0
True
True
True
False
False
False
False
False
False
False
True
True
False
True
True
False
False
False
False
False
True
False
False
True
False
False
True
[MkPair False 2,MkPair False 3,MkPair False 4,MkPair False 5,MkPair True 2,MkPair True 3,MkPair True 4,MkPair True 5]
5
True
Leaf 1 :^: Leaf 2
Leaf 1 :^: Leaf 2
Nothing
1 `Cons` (2 `Cons` Nil)
1 `Cons` (2 `Cons` Nil)
Nothing
Nothing
(:::) ()
(:::) ()
Nothing
(Rec Bool,X)
