True
True
True
1234567890123456789012345678901234567890
True
fromInteger
True
True
True
True
True
True
True
True
True
True
True
True
True
True
True
True
True
True
True
True
True
True
True
True
True
True
True
True
True
True
True
True
True
True
True
True
toInteger
True
True
True
True
True
True
True
True
True
True
True
True
True
True
True
True
