True
True
True
1234567890123456789012345678901234567890
True
fromInteger
True
True
True
True
True
True
True
True
True
True
True
True
True
True
True
True
True
True
True
True
True
True
True
True
True
True
True
True
True
True
True
toInteger
True
True
True
True
True
True
True
True
True
True
True
True
True
True
True
True
9223372036854775807
1099511627783
1.5
1.099511627776e12
