"abc"
"abc"
"abcabd"
[True,False,False,False,False,True,False,False,False,False,True,False,False,False,False,True,False,True,True,True,True,False,True,True,True,True,False,True,True,True,True,False,False,True,False,True,False,False,False,True,True,True,False,True,False,False,False,False,True,True,False,True,False,True,False,True,True,True,True,True,False,False,False,True,False,False,True,False,True,False,True,False,False,False,False,False,True,True,True,False,True,False,True,False,True,True,True,False,False,False,True,False,True,True,True,True]
[EQ,LT,GT,LT,GT,EQ,GT,LT,LT,LT,EQ,LT,GT,GT,GT,EQ]
"abc"
'a'
"bc"
Just ('a',"bc")
False
True
